------------------------------------------------------------
TimeQuest Timing Analyzer Summary
------------------------------------------------------------

Type  : Slow Model Setup 'clk_50Mhz'
Slack : -4.348
TNS   : -572.175

Type  : Slow Model Setup 'CLK_400HZ'
Slack : -1.181
TNS   : -24.265

Type  : Slow Model Setup 'CLK_10HZ'
Slack : -0.866
TNS   : -4.580

Type  : Slow Model Hold 'clk_50Mhz'
Slack : -2.541
TNS   : -2.541

Type  : Slow Model Hold 'CLK_400HZ'
Slack : -2.153
TNS   : -2.153

Type  : Slow Model Hold 'CLK_10HZ'
Slack : 0.391
TNS   : 0.000

Type  : Slow Model Recovery 'clk_50Mhz'
Slack : -1.739
TNS   : -231.187

Type  : Slow Model Removal 'clk_50Mhz'
Slack : 2.508
TNS   : 0.000

Type  : Slow Model Minimum Pulse Width 'clk_50Mhz'
Slack : -1.380
TNS   : -366.380

Type  : Slow Model Minimum Pulse Width 'CLK_400HZ'
Slack : -0.500
TNS   : -43.000

Type  : Slow Model Minimum Pulse Width 'CLK_10HZ'
Slack : -0.500
TNS   : -8.000

Type  : Fast Model Setup 'clk_50Mhz'
Slack : -1.525
TNS   : -117.071

Type  : Fast Model Setup 'CLK_400HZ'
Slack : -0.054
TNS   : -0.432

Type  : Fast Model Setup 'CLK_10HZ'
Slack : 0.064
TNS   : 0.000

Type  : Fast Model Hold 'clk_50Mhz'
Slack : -1.585
TNS   : -1.585

Type  : Fast Model Hold 'CLK_400HZ'
Slack : -1.320
TNS   : -1.320

Type  : Fast Model Hold 'CLK_10HZ'
Slack : 0.215
TNS   : 0.000

Type  : Fast Model Recovery 'clk_50Mhz'
Slack : -0.637
TNS   : -84.647

Type  : Fast Model Removal 'clk_50Mhz'
Slack : 1.516
TNS   : 0.000

Type  : Fast Model Minimum Pulse Width 'clk_50Mhz'
Slack : -1.380
TNS   : -366.380

Type  : Fast Model Minimum Pulse Width 'CLK_400HZ'
Slack : -0.500
TNS   : -43.000

Type  : Fast Model Minimum Pulse Width 'CLK_10HZ'
Slack : -0.500
TNS   : -8.000

------------------------------------------------------------
