------------------------------------------------------------
TimeQuest Timing Analyzer Summary
------------------------------------------------------------

Type  : Slow Model Setup 'clk_50Mhz'
Slack : -9.741
TNS   : -875.590

Type  : Slow Model Setup 'CLK_2MHZ'
Slack : -8.478
TNS   : -54403.352

Type  : Slow Model Setup 'CLK_1MHZ'
Slack : -2.838
TNS   : -24.444

Type  : Slow Model Hold 'clk_50Mhz'
Slack : -2.549
TNS   : -5.097

Type  : Slow Model Hold 'CLK_1MHZ'
Slack : 0.391
TNS   : 0.000

Type  : Slow Model Hold 'CLK_2MHZ'
Slack : 1.334
TNS   : 0.000

Type  : Slow Model Recovery 'clk_50Mhz'
Slack : -1.739
TNS   : -233.026

Type  : Slow Model Removal 'clk_50Mhz'
Slack : 2.509
TNS   : 0.000

Type  : Slow Model Minimum Pulse Width 'clk_50Mhz'
Slack : -1.380
TNS   : -387.380

Type  : Slow Model Minimum Pulse Width 'CLK_2MHZ'
Slack : -0.500
TNS   : -8204.000

Type  : Slow Model Minimum Pulse Width 'CLK_1MHZ'
Slack : -0.500
TNS   : -13.000

Type  : Fast Model Setup 'clk_50Mhz'
Slack : -3.911
TNS   : -244.263

Type  : Fast Model Setup 'CLK_2MHZ'
Slack : -3.794
TNS   : -24040.989

Type  : Fast Model Setup 'CLK_1MHZ'
Slack : -0.700
TNS   : -4.314

Type  : Fast Model Hold 'clk_50Mhz'
Slack : -1.592
TNS   : -3.183

Type  : Fast Model Hold 'CLK_1MHZ'
Slack : 0.215
TNS   : 0.000

Type  : Fast Model Hold 'CLK_2MHZ'
Slack : 0.598
TNS   : 0.000

Type  : Fast Model Recovery 'clk_50Mhz'
Slack : -0.638
TNS   : -85.492

Type  : Fast Model Removal 'clk_50Mhz'
Slack : 1.518
TNS   : 0.000

Type  : Fast Model Minimum Pulse Width 'clk_50Mhz'
Slack : -1.380
TNS   : -387.380

Type  : Fast Model Minimum Pulse Width 'CLK_2MHZ'
Slack : -0.500
TNS   : -8204.000

Type  : Fast Model Minimum Pulse Width 'CLK_1MHZ'
Slack : -0.500
TNS   : -13.000

------------------------------------------------------------
